› Pick *: Bravo
    ( ) Alpha
  › (•) Bravo
    ( ) Charlie
    ( ) Delta
    ( ) Echo
    ( ) Foxtrot
    ( ) Golf
    ( ) Hotel
